============================= test session starts =============================
platform win32 -- Python 3.11.9, pytest-8.3.4, pluggy-1.6.0 -- E:\GT LAB\PROJECTS\risk-signal-engine\.venv\Scripts\python.exe
rootdir: E:\GT LAB\PROJECTS\risk-signal-engine
configfile: pyproject.toml
plugins: anyio-4.15.1, asyncio-0.25.0, cov-6.0.0
asyncio: mode=Mode.AUTO, asyncio_default_fixture_loop_scope=function
collecting ... collected 20 items

tests/test_api.py::test_health PASSED                                    [  5%]
tests/test_api.py::test_analyze_persists_and_dedups PASSED               [ 10%]
tests/test_api.py::test_analyze_rejects_malformed[body0] PASSED          [ 15%]
tests/test_api.py::test_analyze_rejects_malformed[body1] PASSED          [ 20%]
tests/test_api.py::test_analyze_rejects_malformed[body2] PASSED          [ 25%]
tests/test_api.py::test_analyze_rejects_malformed[body3] PASSED          [ 30%]
tests/test_api.py::test_analyze_rejects_malformed[body4] PASSED          [ 35%]
tests/test_api.py::test_analyze_rejects_malformed[body5] PASSED          [ 40%]
tests/test_api.py::test_analyze_rejects_malformed[body6] PASSED          [ 45%]
tests/test_api.py::test_analyze_rejects_malformed[body7] PASSED          [ 50%]
tests/test_api.py::test_analyze_rejects_malformed[body8] PASSED          [ 55%]
tests/test_api.py::test_company_hint_and_ticker PASSED                   [ 60%]
tests/test_api.py::test_batch PASSED                                     [ 65%]
tests/test_api.py::test_filters_since_id_ticker_and_export PASSED        [ 70%]
tests/test_api.py::test_sse_replays_stored_signal PASSED                 [ 75%]
tests/test_api.py::test_sse_emits_new_signal PASSED                      [ 80%]
tests/test_api.py::test_scenario_demo_and_reset PASSED                   [ 85%]
tests/test_api.py::test_replay_mode_streams_cached_real PASSED           [ 90%]
tests/test_api.py::test_demo_start_rejects_live PASSED                   [ 95%]
tests/test_api.py::test_every_endpoint_has_an_example PASSED             [100%]

============================== warnings summary ===============================
.venv\Lib\site-packages\starlette\testclient.py:40
  E:\GT LAB\PROJECTS\risk-signal-engine\.venv\Lib\site-packages\starlette\testclient.py:40: DeprecationWarning: The anyio.abc.BlockingPortal alias is deprecated, use anyio.from_thread.BlockingPortal instead.
    _PortalFactoryType = typing.Callable[[], typing.ContextManager[anyio.abc.BlockingPortal]]

tests/test_api.py::test_company_hint_and_ticker
  E:\GT LAB\PROJECTS\risk-signal-engine\.venv\Lib\site-packages\spacy\cli\_util.py:23: DeprecationWarning: Importing 'parser.split_arg_string' is deprecated, it will only be available in 'shell_completion' in Click 9.0.
    from click.parser import split_arg_string

-- Docs: https://docs.pytest.org/en/stable/how-to/capture-warnings.html
======================= 20 passed, 2 warnings in 13.50s =======================
